// Jest Snapshot v1, https://goo.gl/fbAQLP

exports[`LoginComponent ensure wrapper to match snapshot 1`] = `ReactWrapper {}`;
